Removed Pin From Net: NetName=M1A Pin=LM-1
Removed Pin From Net: NetName=M1B Pin=LM-2
Removed Pin From Net: NetName=+5 Pin=LM-3
Removed Pin From Net: NetName=GND Pin=LM-4
Removed Pin From Net: NetName=EM1A Pin=LM-5
Removed Pin From Net: NetName=EM1B Pin=LM-6
Removed Pin From Net: NetName=M2A Pin=RM-1
Removed Pin From Net: NetName=M2B Pin=RM-2
Removed Pin From Net: NetName=+5 Pin=RM-3
Removed Pin From Net: NetName=GND Pin=RM-4
Removed Pin From Net: NetName=EM2A Pin=RM-5
Removed Pin From Net: NetName=EM2B Pin=RM-6
Added Pin To Net: NetName=EM1A Pin=LM-1
Added Pin To Net: NetName=EM1B Pin=LM-2
Added Pin To Net: NetName=GND Pin=LM-3
Added Pin To Net: NetName=+5 Pin=LM-4
Added Pin To Net: NetName=M1A Pin=LM-5
Added Pin To Net: NetName=M1B Pin=LM-6
Added Pin To Net: NetName=EM2A Pin=RM-1
Added Pin To Net: NetName=EM2B Pin=RM-2
Added Pin To Net: NetName=GND Pin=RM-3
Added Pin To Net: NetName=+5 Pin=RM-4
Added Pin To Net: NetName=M2A Pin=RM-5
Added Pin To Net: NetName=M2B Pin=RM-6
